// Jest Snapshot v1, https://goo.gl/fbAQLP

exports[`LoginForm initial renders properly 1`] = `
ShallowWrapper {
  Symbol(enzyme.__root__): [Circular],
  Symbol(enzyme.__unrendered__): <Form(LoginForm) />,
  Symbol(enzyme.__renderer__): Object {
    "batchedUpdates": [Function],
    "checkPropTypes": [Function],
    "getNode": [Function],
    "render": [Function],
    "simulateError": [Function],
    "simulateEvent": [Function],
    "unmount": [Function],
  },
  Symbol(enzyme.__node__): Object {
    "instance": null,
    "key": undefined,
    "nodeType": "function",
    "props": Object {
      "form": Object {
        "getFieldDecorator": [Function],
        "getFieldError": [Function],
        "getFieldInstance": [Function],
        "getFieldProps": [Function],
        "getFieldValue": [Function],
        "getFieldsError": [Function],
        "getFieldsValue": [Function],
        "isFieldTouched": [Function],
        "isFieldValidating": [Function],
        "isFieldsTouched": [Function],
        "isFieldsValidating": [Function],
        "isSubmitting": [Function],
        "resetFields": [Function],
        "setFields": [Function],
        "setFieldsInitialValue": [Function],
        "setFieldsValue": [Function],
        "submit": [Function],
        "validateFields": [Function],
        "validateFieldsAndScroll": [Function],
      },
    },
    "ref": null,
    "rendered": null,
    "type": [Function],
  },
  Symbol(enzyme.__nodes__): Array [
    Object {
      "instance": null,
      "key": undefined,
      "nodeType": "function",
      "props": Object {
        "form": Object {
          "getFieldDecorator": [Function],
          "getFieldError": [Function],
          "getFieldInstance": [Function],
          "getFieldProps": [Function],
          "getFieldValue": [Function],
          "getFieldsError": [Function],
          "getFieldsValue": [Function],
          "isFieldTouched": [Function],
          "isFieldValidating": [Function],
          "isFieldsTouched": [Function],
          "isFieldsValidating": [Function],
          "isSubmitting": [Function],
          "resetFields": [Function],
          "setFields": [Function],
          "setFieldsInitialValue": [Function],
          "setFieldsValue": [Function],
          "submit": [Function],
          "validateFields": [Function],
          "validateFieldsAndScroll": [Function],
        },
      },
      "ref": null,
      "rendered": null,
      "type": [Function],
    },
  ],
  Symbol(enzyme.__options__): Object {
    "adapter": ReactSixteenAdapter {
      "options": Object {
        "enableComponentDidUpdateOnSetState": true,
        "legacyContextMode": "parent",
        "lifecycles": Object {
          "componentDidUpdate": Object {
            "onSetState": true,
          },
          "getChildContext": Object {
            "calledByRenderer": false,
          },
          "getDerivedStateFromProps": true,
          "getSnapshotBeforeUpdate": true,
          "setState": Object {
            "skipsComponentDidUpdateOnNullish": true,
          },
        },
      },
    },
  },
}
`;
